// Jest Snapshot v1, https://goo.gl/fbAQLP

exports[`HelloWorldComponent should render an initial component 1`] = `
<hello-world>
  <div>
    Hello, World!
  </div>
</hello-world>
`;
