// Jest Snapshot v1, https://goo.gl/fbAQLP

exports[`HomeComponent should render an initial component 1`] = `
<home>
  <div>
    <div>
      Oh My AngularNest
    </div>
    <div>
      Building scalable web apps from Web Fundamentals to Firebase Platform and then to Google Cloud.
    </div>
    <div
      class="pa-3 oma-promo"
    >
      <svg
        height="100%"
        preserveAspectRatio="xMidYMid meet"
        viewBox="0 0 402 328"
        width="100%"
        xmlns="http://www.w3.org/2000/svg"
        xmlns:xlink="http://www.w3.org/1999/xlink"
      >
        <defs>
          <circle
            cx="19.5"
            cy="19.5"
            id="sza-b"
            r="19.5"
          />
          <filter
            filterUnits="objectBoundingBox"
            height="200%"
            id="sza-a"
            width="200%"
            x="-50%"
            y="-50%"
          >
            <feoffset
              dy="2"
              in="SourceAlpha"
              result="shadowOffsetOuter1"
            />
            <fegaussianblur
              in="shadowOffsetOuter1"
              result="shadowBlurOuter1"
              stdDeviation=".5"
            />
            <fecolormatrix
              in="shadowBlurOuter1"
              values="0 0 0 0 0 0 0 0 0 0 0 0 0 0 0 0 0 0 0.115913723 0"
            />
          </filter>
          <rect
            height="39"
            id="sza-d"
            rx="1.331"
            width="96"
          />
          <filter
            filterUnits="objectBoundingBox"
            height="200%"
            id="sza-c"
            width="200%"
            x="-50%"
            y="-50%"
          >
            <feoffset
              dy="2"
              in="SourceAlpha"
              result="shadowOffsetOuter1"
            />
            <fegaussianblur
              in="shadowOffsetOuter1"
              result="shadowBlurOuter1"
              stdDeviation=".5"
            />
            <fecolormatrix
              in="shadowBlurOuter1"
              values="0 0 0 0 0 0 0 0 0 0 0 0 0 0 0 0 0 0 0.115913723 0"
            />
          </filter>
          <rect
            height="39"
            id="sza-f"
            rx="1.331"
            width="96"
          />
          <filter
            filterUnits="objectBoundingBox"
            height="200%"
            id="sza-e"
            width="200%"
            x="-50%"
            y="-50%"
          >
            <feoffset
              dy="2"
              in="SourceAlpha"
              result="shadowOffsetOuter1"
            />
            <fegaussianblur
              in="shadowOffsetOuter1"
              result="shadowBlurOuter1"
              stdDeviation=".5"
            />
            <fecolormatrix
              in="shadowBlurOuter1"
              values="0 0 0 0 0 0 0 0 0 0 0 0 0 0 0 0 0 0 0.115913723 0"
            />
          </filter>
          <rect
            height="17"
            id="sza-h"
            rx="8.5"
            width="43"
          />
          <filter
            filterUnits="objectBoundingBox"
            height="200%"
            id="sza-g"
            width="200%"
            x="-50%"
            y="-50%"
          >
            <feoffset
              dy="2"
              in="SourceAlpha"
              result="shadowOffsetOuter1"
            />
            <fegaussianblur
              in="shadowOffsetOuter1"
              result="shadowBlurOuter1"
              stdDeviation=".5"
            />
            <fecolormatrix
              in="shadowBlurOuter1"
              values="0 0 0 0 0 0 0 0 0 0 0 0 0 0 0 0 0 0 0.12 0"
            />
          </filter>
          <path
            d="M0 0h156v23H0z"
            id="sza-j"
          />
          <filter
            filterUnits="objectBoundingBox"
            height="200%"
            id="sza-i"
            width="200%"
            x="-50%"
            y="-50%"
          >
            <feoffset
              dy="2"
              in="SourceAlpha"
              result="shadowOffsetOuter1"
            />
            <fegaussianblur
              in="shadowOffsetOuter1"
              result="shadowBlurOuter1"
              stdDeviation=".5"
            />
            <fecolormatrix
              in="shadowBlurOuter1"
              values="0 0 0 0 0 0 0 0 0 0 0 0 0 0 0 0 0 0 0.12 0"
            />
          </filter>
        </defs>
        <g
          fill="none"
          fill-rule="evenodd"
        >
          <path
            d="M231.98 316c-7.168 0-12.98-5.887-12.98-13.147V32.147C219 24.885 224.812 19 231.98 19h141.038C380.188 19 386 24.885 386 32.147v270.706c0 7.26-5.812 13.147-12.982 13.147H231.98zm-.06-257.655h142.043v210.28H231.92V58.345z"
            fill="#FFF"
            stroke="#1E88E5"
            stroke-width="1.1"
          />
          <path
            d="M318.45 39.056h-31.953c-1.379 0-2.497-1.132-2.497-2.529 0-1.396 1.118-2.527 2.497-2.527h31.953c1.379 0 2.497 1.13 2.497 2.527 0 1.397-1.118 2.53-2.497 2.53z"
            fill="#1E88E5"
            fill-opacity=".522"
          />
          <path
            d="M312.875 291.471c0 5.783-4.673 10.471-10.438 10.471-5.764 0-10.437-4.688-10.437-10.47 0-5.784 4.673-10.472 10.438-10.472 5.764 0 10.437 4.688 10.437 10.471z"
            stroke="#1E88E5"
            stroke-width="1.1"
          />
          <path
            d="M232 59h142v209H232z"
            fill="#1E88E5"
            fill-opacity=".2"
          />
          <g
            transform="translate(144 246)"
          >
            <use
              fill="#000"
              filter="url(#sza-a)"
              xlink:href="#sza-b"
            />
            <use
              fill="#42A5F5"
              xlink:href="#sza-b"
            />
          </g>
          <text
            fill="#FFF"
            font-family="Roboto-Light, Roboto"
            font-size="29.04"
            font-weight="300"
            transform="translate(144 246)"
          >
            <tspan
              x="11"
              y="30"
            >
              +
            </tspan>
          </text>
          <g
            transform="translate(8 160)"
          >
            <use
              fill="#000"
              filter="url(#sza-c)"
              xlink:href="#sza-d"
            />
            <use
              fill="#42A5F5"
              xlink:href="#sza-d"
            />
            <rect
              fill="#FFF"
              height="10"
              rx="2.662"
              width="57"
              x="30"
              y="14"
            />
            <ellipse
              cx="16"
              cy="20"
              fill="#DDF6F9"
              rx="5"
              ry="5"
            />
          </g>
          <g
            transform="translate(48 113)"
          >
            <use
              fill="#000"
              filter="url(#sza-e)"
              xlink:href="#sza-f"
            />
            <use
              fill="#42A5F5"
              xlink:href="#sza-f"
            />
            <rect
              fill="#FFF"
              height="10"
              rx="2.662"
              width="57"
              x="33"
              y="14"
            />
            <ellipse
              cx="14"
              cy="19"
              fill="#DDF6F9"
              rx="5"
              ry="5"
            />
          </g>
          <g
            transform="translate(147 88)"
          >
            <use
              fill="#000"
              filter="url(#sza-g)"
              xlink:href="#sza-h"
            />
            <use
              fill="#42A5F5"
              xlink:href="#sza-h"
            />
            <circle
              cx="9"
              cy="8"
              fill="#FFF"
              r="6"
            />
          </g>
          <g
            transform="translate(12 55)"
          >
            <use
              fill="#000"
              filter="url(#sza-i)"
              xlink:href="#sza-j"
            />
            <use
              fill="#42A5F5"
              xlink:href="#sza-j"
            />
          </g>
          <path
            d="M18 72h15v-2H18v2zm0-4h15v-2H18v2zm0-6v2h15v-2H18z"
            fill="#FFF"
          />
          <path
            d="M122 231h75v-4h-75v4zm0-7h75v-4h-75v4zm0-8h75v-4h-75v4zm0-7h75v-4h-75v4zm0-11v4h75v-4h-75z"
            fill="#42A5F5"
          />
        </g>
      </svg>
    </div>
    <div
      class="oma-promo"
    >
      <svg
        height="100%"
        preserveAspectRatio="xMidYMid meet"
        viewBox="0 0 402 251"
        width="100%"
        xmlns="http://www.w3.org/2000/svg"
        xmlns:xlink="http://www.w3.org/1999/xlink"
      >
        <defs>
          <rect
            height="218"
            id="fac-a"
            rx="4"
            width="367"
          />
          <mask
            fill="#fff"
            height="218"
            id="fac-d"
            width="367"
            x="0"
            y="0"
          >
            <use
              xlink:href="#fac-a"
            />
          </mask>
          <rect
            height="180"
            id="fac-b"
            rx="4"
            width="345"
          />
          <mask
            fill="#fff"
            height="180"
            id="fac-e"
            width="345"
            x="0"
            y="0"
          >
            <use
              xlink:href="#fac-b"
            />
          </mask>
          <lineargradient
            id="fac-f"
            x1="0%"
            x2="0%"
            y1="31.325%"
            y2="0%"
          >
            <stop
              offset="0%"
              stop-color="#FFF"
              stop-opacity=".739"
            />
            <stop
              offset="100%"
              stop-color="#FFF"
              stop-opacity="0"
            />
          </lineargradient>
          <lineargradient
            id="fac-g"
            x1="14.641%"
            x2="77.092%"
            y1="0%"
            y2="79.931%"
          >
            <stop
              offset="0%"
              stop-color="#1976D2"
            />
            <stop
              offset="100%"
              stop-color="#64B5F6"
              stop-opacity=".152"
            />
          </lineargradient>
          <path
            d="M14.909 96.452c10.762 12.154 26.57 19.829 44.19 19.829 32.426 0 58.714-25.994 58.714-58.058 0-32.065-26.288-58.058-58.715-58.058C26.672.165.384 26.158.384 58.223c0 14.64 5.481 28.016 14.525 38.23z"
            id="fac-c"
          />
          <mask
            fill="#fff"
            height="116.116"
            id="fac-h"
            width="117.428"
            x="0"
            y="0"
          >
            <use
              xlink:href="#fac-c"
            />
          </mask>
          <mask
            fill="#fff"
            height="116.116"
            id="fac-i"
            width="117.428"
            x="0"
            y="0"
          >
            <use
              xlink:href="#fac-c"
            />
          </mask>
        </defs>
        <g
          fill="none"
          fill-rule="evenodd"
          transform="translate(16 19)"
        >
          <use
            fill="#FFF"
            mask="url(#fac-d)"
            stroke="#1E88E5"
            stroke-width="2.2"
            xlink:href="#fac-a"
          />
          <path
            d="M338 18h14v-2h-14v2zm0-4h14v-2h-14v2zm0-6v2h14V8h-14z"
            fill="#42A5F5"
          />
          <g
            fill="#42A5F5"
            transform="translate(12 9)"
          >
            <ellipse
              cx="2.471"
              cy="2.5"
              rx="2.471"
              ry="2.5"
            />
            <ellipse
              cx="10.294"
              cy="2.5"
              rx="2.471"
              ry="2.5"
            />
            <ellipse
              cx="18.529"
              cy="2.5"
              rx="2.471"
              ry="2.5"
            />
          </g>
          <use
            fill="#BBDEFB"
            mask="url(#fac-e)"
            stroke="#1E88E5"
            stroke-opacity=".449"
            stroke-width="2.2"
            transform="translate(10 25)"
            xlink:href="#fac-b"
          />
          <path
            d="M180.976 126.3a5.75 5.75 0 0 1-1.596.786c-.504.214-1.184.39-1.942.242a5.44 5.44 0 0 1-4.35-2.543c-1.601-2.563-.787-5.962 1.82-7.59.33-.206.67-.374 1.02-.505 8.65-4.888 40.212-17.79 40.212-17.79 4.729-1.958 5.137-1.178.924 1.741 0 0-31.25 21.536-35.434 25.213a3.287 3.287 0 0 1-.654.446z"
            fill="#FFF"
          />
          <path
            d="M22.15 4.955l-3.628 9.452M32.5 9.687l-5.688 8.88M12.323 2.328l-1.92 9.88M.977.624L.624 10.683"
            stroke="url(#fac-f)"
            stroke-linecap="square"
            stroke-width="2.863"
            transform="translate(181.938 62.12)"
          />
          <g
            mask="url(#fac-h)"
            stroke="url(#fac-g)"
            stroke-width="13.041"
            transform="translate(123 56)"
          >
            <use
              mask="url(#fac-i)"
              xlink:href="#fac-c"
            />
          </g>
        </g>
      </svg>
    </div>
    <div
      class="oma-promo"
    >
      <svg
        height="100%"
        preserveAspectRatio="xMidYMid meet"
        viewBox="0 0 402 328"
        width="100%"
        xmlns="http://www.w3.org/2000/svg"
        xmlns:xlink="http://www.w3.org/1999/xlink"
      >
        <defs>
          <path
            d="M30.567 93.044c2.031.002 5.332.004 7.354.004h268.402A3.672 3.672 0 0 1 310 96.723v77.554a3.681 3.681 0 0 1-3.677 3.675H37.921c-2.03 0-5.33.044-7.354.004 0 0-40.567 3.092-40.567-42.456s40.567-42.456 40.567-42.456z"
            id="ver-a"
          />
          <mask
            fill="#fff"
            height="85"
            id="ver-d"
            width="320"
            x="0"
            y="0"
          >
            <use
              xlink:href="#ver-a"
            />
          </mask>
          <lineargradient
            id="ver-e"
            x1="0%"
            y1="50%"
            y2="50%"
          >
            <stop
              offset="0%"
              stop-color="#1E88E5"
            />
            <stop
              offset="100%"
              stop-color="#E3F2FD"
            />
          </lineargradient>
          <path
            d="M45.567 53.044c2.031.002 5.332.004 7.354.004h268.402A3.672 3.672 0 0 1 325 56.723v77.554a3.681 3.681 0 0 1-3.677 3.675H52.921c-2.03 0-5.33.044-7.354.004 0 0-40.567 3.092-40.567-42.456s40.567-42.456 40.567-42.456z"
            id="ver-b"
          />
          <mask
            fill="#fff"
            height="85"
            id="ver-f"
            width="320"
            x="0"
            y="0"
          >
            <use
              xlink:href="#ver-b"
            />
          </mask>
          <path
            d="M40.567.044c2.031.002 5.332.004 7.354.004h268.402A3.672 3.672 0 0 1 320 3.723v77.554a3.681 3.681 0 0 1-3.677 3.675H47.921c-2.03 0-5.33.044-7.354.004C40.567 84.956 0 88.048 0 42.5S40.567.044 40.567.044z"
            id="ver-c"
          />
          <mask
            fill="#fff"
            height="85"
            id="ver-g"
            width="320"
            x="0"
            y="0"
          >
            <use
              xlink:href="#ver-c"
            />
          </mask>
          <lineargradient
            id="ver-h"
            x1="3.561%"
            y1="50%"
            y2="50%"
          >
            <stop
              offset="0%"
              stop-color="#1E88E5"
            />
            <stop
              offset="100%"
              stop-color="#E3F2FD"
            />
          </lineargradient>
        </defs>
        <g
          fill="none"
          fill-rule="evenodd"
        >
          <g
            transform="rotate(11 15.855 164.657)"
          >
            <use
              fill="#FFF"
              mask="url(#ver-d)"
              stroke="#1E88E5"
              stroke-width="2.529"
              transform="rotate(40 150 135.5)"
              xlink:href="#ver-a"
            />
            <path
              d="M45 124h39.506v55H45v-55zm51.519 0h39.506v55H96.519v-55zm51.52 0h39.505v55h-39.506v-55zm52.687 0h39.506v55h-39.506v-55zm51.768 0H292v55h-39.506v-55z"
              fill="url(#ver-e)"
              transform="rotate(39 168.5 151.5)"
            />
          </g>
          <g
            transform="rotate(11 -14.609 208.89)"
          >
            <use
              fill="#FFF"
              mask="url(#ver-f)"
              stroke="#1E88E5"
              stroke-width="2.529"
              transform="rotate(20 165 95.5)"
              xlink:href="#ver-b"
            />
            <path
              d="M64 74h39.506v55H64V74zm51.519 0h39.506v55h-39.506V74zm51.52 0h39.505v55h-39.506V74zm52.687 0h39.506v55h-39.506V74zm51.768 0H311v55h-39.506V74z"
              fill="url(#ver-e)"
              transform="rotate(21 187.5 101.5)"
            />
          </g>
          <g
            transform="rotate(11 -69.536 235.047)"
          >
            <use
              fill="#FFF"
              mask="url(#ver-g)"
              stroke="#1E88E5"
              stroke-width="2.529"
              xlink:href="#ver-c"
            />
            <path
              d="M43 42c0 6.627-5.373 12-12 12s-12-5.373-12-12 5.373-12 12-12 12 5.373 12 12z"
              stroke="#1E88E5"
              stroke-width="1.264"
            />
            <path
              d="M59 16h39.506v55H59V16zm51.519 0h39.506v55h-39.506V16zm51.52 0h39.505v55h-39.506V16zm52.687 0h39.506v55h-39.506V16zm51.768 0H306v55h-39.506V16z"
              fill="url(#ver-h)"
            />
          </g>
        </g>
      </svg>
    </div>
    <div
      class="oma-promo"
    >
      <svg
        height="100%"
        preserveAspectRatio="xMidYMid meet"
        viewBox="0 0 372 271"
        width="100%"
        xmlns="http://www.w3.org/2000/svg"
        xmlns:xlink="http://www.w3.org/1999/xlink"
      >
        <defs>
          <path
            d="M0 38h39v39H0z"
            id="opt-a"
          />
          <mask
            fill="#fff"
            height="39"
            id="opt-y"
            width="39"
            x="0"
            y="0"
          >
            <use
              xlink:href="#opt-a"
            />
          </mask>
          <path
            d="M37 38h39v39H37z"
            id="opt-b"
          />
          <mask
            fill="#fff"
            height="39"
            id="opt-z"
            width="39"
            x="0"
            y="0"
          >
            <use
              xlink:href="#opt-b"
            />
          </mask>
          <path
            d="M0 0h39v39H0z"
            id="opt-c"
          />
          <mask
            fill="#fff"
            height="39"
            id="opt-A"
            width="39"
            x="0"
            y="0"
          >
            <use
              xlink:href="#opt-c"
            />
          </mask>
          <path
            d="M37 0h39v39H37z"
            id="opt-d"
          />
          <mask
            fill="#fff"
            height="39"
            id="opt-B"
            width="39"
            x="0"
            y="0"
          >
            <use
              xlink:href="#opt-d"
            />
          </mask>
          <path
            d="M75 38h39v39H75z"
            id="opt-e"
          />
          <mask
            fill="#fff"
            height="39"
            id="opt-C"
            width="39"
            x="0"
            y="0"
          >
            <use
              xlink:href="#opt-e"
            />
          </mask>
          <path
            d="M38 38h39v39H38z"
            id="opt-f"
          />
          <mask
            fill="#fff"
            height="39"
            id="opt-D"
            width="39"
            x="0"
            y="0"
          >
            <use
              xlink:href="#opt-f"
            />
          </mask>
          <path
            d="M0 38h39v39H0z"
            id="opt-g"
          />
          <mask
            fill="#fff"
            height="39"
            id="opt-E"
            width="39"
            x="0"
            y="0"
          >
            <use
              xlink:href="#opt-g"
            />
          </mask>
          <path
            d="M0 0h39v39H0z"
            id="opt-h"
          />
          <mask
            fill="#fff"
            height="39"
            id="opt-F"
            width="39"
            x="0"
            y="0"
          >
            <use
              xlink:href="#opt-h"
            />
          </mask>
          <path
            d="M75 38h39v39H75z"
            id="opt-i"
          />
          <mask
            fill="#fff"
            height="39"
            id="opt-G"
            width="39"
            x="0"
            y="0"
          >
            <use
              xlink:href="#opt-i"
            />
          </mask>
          <path
            d="M38 38h39v39H38z"
            id="opt-j"
          />
          <mask
            fill="#fff"
            height="39"
            id="opt-H"
            width="39"
            x="0"
            y="0"
          >
            <use
              xlink:href="#opt-j"
            />
          </mask>
          <path
            d="M38 0h39v39H38z"
            id="opt-k"
          />
          <mask
            fill="#fff"
            height="39"
            id="opt-I"
            width="39"
            x="0"
            y="0"
          >
            <use
              xlink:href="#opt-k"
            />
          </mask>
          <path
            d="M0 0h39v39H0z"
            id="opt-l"
          />
          <mask
            fill="#fff"
            height="39"
            id="opt-J"
            width="39"
            x="0"
            y="0"
          >
            <use
              xlink:href="#opt-l"
            />
          </mask>
          <path
            d="M0 74h39v39H0z"
            id="opt-m"
          />
          <mask
            fill="#fff"
            height="39"
            id="opt-K"
            width="39"
            x="0"
            y="0"
          >
            <use
              xlink:href="#opt-m"
            />
          </mask>
          <path
            d="M38 37h39v39H38z"
            id="opt-n"
          />
          <mask
            fill="#fff"
            height="39"
            id="opt-L"
            width="39"
            x="0"
            y="0"
          >
            <use
              xlink:href="#opt-n"
            />
          </mask>
          <path
            d="M0 37h39v39H0z"
            id="opt-o"
          />
          <mask
            fill="#fff"
            height="39"
            id="opt-M"
            width="39"
            x="0"
            y="0"
          >
            <use
              xlink:href="#opt-o"
            />
          </mask>
          <path
            d="M0 0h39v39H0z"
            id="opt-p"
          />
          <mask
            fill="#fff"
            height="39"
            id="opt-N"
            width="39"
            x="0"
            y="0"
          >
            <use
              xlink:href="#opt-p"
            />
          </mask>
          <path
            d="M75 38h39v39H75z"
            id="opt-q"
          />
          <mask
            fill="#fff"
            height="39"
            id="opt-O"
            width="39"
            x="0"
            y="0"
          >
            <use
              xlink:href="#opt-q"
            />
          </mask>
          <path
            d="M38 38h39v39H38z"
            id="opt-r"
          />
          <mask
            fill="#fff"
            height="39"
            id="opt-P"
            width="39"
            x="0"
            y="0"
          >
            <use
              xlink:href="#opt-r"
            />
          </mask>
          <path
            d="M0 38h39v39H0z"
            id="opt-s"
          />
          <mask
            fill="#fff"
            height="39"
            id="opt-Q"
            width="39"
            x="0"
            y="0"
          >
            <use
              xlink:href="#opt-s"
            />
          </mask>
          <path
            d="M38 0h39v39H38z"
            id="opt-t"
          />
          <mask
            fill="#fff"
            height="39"
            id="opt-R"
            width="39"
            x="0"
            y="0"
          >
            <use
              xlink:href="#opt-t"
            />
          </mask>
          <path
            d="M37 75h39v39H37z"
            id="opt-u"
          />
          <mask
            fill="#fff"
            height="39"
            id="opt-S"
            width="39"
            x="0"
            y="0"
          >
            <use
              xlink:href="#opt-u"
            />
          </mask>
          <path
            d="M37 37h39v39H37z"
            id="opt-v"
          />
          <mask
            fill="#fff"
            height="39"
            id="opt-T"
            width="39"
            x="0"
            y="0"
          >
            <use
              xlink:href="#opt-v"
            />
          </mask>
          <path
            d="M37 0h39v39H37z"
            id="opt-w"
          />
          <mask
            fill="#fff"
            height="39"
            id="opt-U"
            width="39"
            x="0"
            y="0"
          >
            <use
              xlink:href="#opt-w"
            />
          </mask>
          <path
            d="M0 0h39v39H0z"
            id="opt-x"
          />
          <mask
            fill="#fff"
            height="39"
            id="opt-V"
            width="39"
            x="0"
            y="0"
          >
            <use
              xlink:href="#opt-x"
            />
          </mask>
        </defs>
        <g
          fill="none"
          fill-rule="evenodd"
          stroke="#1E88E5"
          stroke-width="2.662"
        >
          <g
            fill="#BBDEFB"
            transform="translate(7 175)"
          >
            <use
              mask="url(#opt-y)"
              xlink:href="#opt-a"
            />
            <use
              mask="url(#opt-z)"
              xlink:href="#opt-b"
            />
            <use
              mask="url(#opt-A)"
              xlink:href="#opt-c"
            />
            <use
              mask="url(#opt-B)"
              xlink:href="#opt-d"
            />
          </g>
          <g
            fill="#0D47A1"
            transform="translate(81 175)"
          >
            <use
              mask="url(#opt-C)"
              xlink:href="#opt-e"
            />
            <use
              mask="url(#opt-D)"
              xlink:href="#opt-f"
            />
            <use
              mask="url(#opt-E)"
              xlink:href="#opt-g"
            />
            <use
              mask="url(#opt-F)"
              xlink:href="#opt-h"
            />
          </g>
          <g
            fill="#BBDEFB"
            transform="translate(81 63)"
          >
            <use
              mask="url(#opt-G)"
              xlink:href="#opt-i"
            />
            <use
              mask="url(#opt-H)"
              xlink:href="#opt-j"
            />
            <use
              mask="url(#opt-I)"
              xlink:href="#opt-k"
            />
            <use
              mask="url(#opt-J)"
              xlink:href="#opt-l"
            />
          </g>
          <g
            fill="#BBDEFB"
            transform="translate(237 101)"
          >
            <use
              mask="url(#opt-K)"
              xlink:href="#opt-m"
            />
            <use
              mask="url(#opt-L)"
              xlink:href="#opt-n"
            />
            <use
              mask="url(#opt-M)"
              xlink:href="#opt-o"
            />
            <use
              mask="url(#opt-N)"
              xlink:href="#opt-p"
            />
          </g>
          <g
            fill="#42A5F5"
            transform="translate(237 175)"
          >
            <use
              mask="url(#opt-O)"
              xlink:href="#opt-q"
            />
            <use
              mask="url(#opt-P)"
              xlink:href="#opt-r"
            />
            <use
              mask="url(#opt-Q)"
              xlink:href="#opt-s"
            />
            <use
              mask="url(#opt-R)"
              xlink:href="#opt-t"
            />
          </g>
          <g
            fill="#0D47A1"
            transform="translate(278 13)"
          >
            <use
              mask="url(#opt-S)"
              xlink:href="#opt-u"
            />
            <use
              mask="url(#opt-T)"
              xlink:href="#opt-v"
            />
            <use
              mask="url(#opt-U)"
              xlink:href="#opt-w"
            />
            <use
              mask="url(#opt-V)"
              xlink:href="#opt-x"
            />
          </g>
        </g>
      </svg>
    </div>
  </div>
</home>
`;
